[sso.utep.edu/RSTS/Login871c.html]
[backblue.gif]
[fade.gif]
[index.html]
[sso.utep.edu/_WTStatic/public/common.css]
[sso.utep.edu/RSTS/images/dell48-32-16.ico]
[sso.utep.edu/RSTS/JavaScript/jquery-1.8.3.min.js]
[sso.utep.edu/RSTS/UserLogin/Login.js]
[sso.utep.edu/CloudAccessManager/RPSTS/Scripts/SocialAuth-min.js]
[sso.utep.edu/RSTS/JavaScript/html5placeholder.jquery.js]
[sso.utep.edu/RSTS/JavaScript/jquery.reveal.js]
[sso.utep.edu/_WTStatic/public/customization/theme.css]
[sso.utep.edu/RSTS/Login871c.html]
[my.utep.edu/index00fa.html]
[my.utep.edu/My.html]
[sso.utep.edu/_WTStatic/public/cui/fonts/museosansfordell-100-webfont.eot]
[sso.utep.edu/_WTStatic/public/cui/fonts/museosansfordell-100-webfontd41d.eot]
[sso.utep.edu/_WTStatic/public/cui/fonts/museosansfordell-100-webfont.woff]
[sso.utep.edu/_WTStatic/public/cui/fonts/museosansfordell-100-webfont.ttf]
[sso.utep.edu/_WTStatic/public/cui/fonts/fa-dell.eot]
[sso.utep.edu/_WTStatic/public/cui/fonts/fa-delld41d.eot]
[sso.utep.edu/_WTStatic/public/cui/fonts/fa-dell.woff]
[sso.utep.edu/_WTStatic/public/cui/fonts/fa-dell.ttf]
[sso.utep.edu/CloudAccessManager/RPSTS/content/CUI/img/spinner.blue.png]
[sso.utep.edu/_WTStatic/public/CUI/img/spinner.black.15.delayed]
[sso.utep.edu/_WTStatic/public/CUI/fonts/fa-dell-2.eot]
[sso.utep.edu/_WTStatic/public/CUI/fonts/fa-delld41d-2.eot]
[sso.utep.edu/_WTStatic/public/CUI/fonts/fa-dell-2.woff]
[sso.utep.edu/_WTStatic/public/CUI/fonts/fa-dell-2.ttf]
[sso.utep.edu/_WTStatic/public/common.css]
[sso.utep.edu/RSTS/JavaScript/jquery-1.8.3.min.js]
[sso.utep.edu/RSTS/UserLogin/Login.js]
[sso.utep.edu/RSTS/JavaScript/html5placeholder.jquery.js]
[sso.utep.edu/RSTS/JavaScript/jquery.reveal.js]
[sso.utep.edu/_WTStatic/public/customization/companylogo.png]
[sso.utep.edu/CloudAccessManager/RPSTS/content/CUI/img/spinner.white.png]
[sso.utep.edu/CloudAccessManager/RPSTS/content/CUI/img/spinner.black.png]
[sso.utep.edu/_WTStatic/public/customization/theme.css]
[my.utep.edu/icons/utep_icon-70x70.png]
[my.utep.edu/icons/utep_icon-120x120.png]
[my.utep.edu/icons/utep_icon-152x152.png]
[my.utep.edu/css/myutepcustom.min08a9.css]
[my.utep.edu/css/owl.carousel.minf89d.css]
[my.utep.edu/css/owl.theme.default.mineed8.css]
[my.utep.edu/css/style.min9b01.css]
[cdn.utep.edu/scripts/jquery-3.6.0.min.js]
[my.utep.edu/sortable/Sortable432c.js]
[my.utep.edu/js/widgetee93.js]
[my.utep.edu/js/owl.carousel5da8.js]
[my.utep.edu/js/index3587.js]
[my.utep.edu/js/DashboardWidget.minc3c7.js]
[my.utep.edu/js/jquery.leanModal.min4783.js]
[my.utep.edu/js/jPages.min5b89.js]
[my.utep.edu/My.html]
[sso.utep.edu/_WTStatic/public/cui/fonts/museosansfordell-100-webfont.svg]
[sso.utep.edu/_WTStatic/public/cui/fonts/fa-dell.svg]
[sso.utep.edu/_WTStatic/public/CUI/img/spinner.black.html]
[sso.utep.edu/_WTStatic/public/CUI/fonts/fa-dell-2.svg]
[my.utep.edu/Content/icons/utep_icon-70x70.html]
[my.utep.edu/Content/icons/utep_icon-150x150.html]
[my.utep.edu/Content/icons/utep_icon-310x150.html]
[my.utep.edu/Content/icons/utep_icon-310x310.html]
[my.utep.edu/news.html]
[my.utep.edu/myImages/myutep-sprite-map.png]
[my.utep.edu/css/myutepcustom.min08a9.css]
[my.utep.edu/css/owl.video.play.png]
[my.utep.edu/css/owl.carousel.minf89d.css]
[my.utep.edu/css/owl.theme.default.mineed8.css]
[my.utep.edu/myimages/myutep-logo.png]
[my.utep.edu/myimages/myutep-logo-tablet.png]
[my.utep.edu/myimages/myutep-logo-mobile.png]
[my.utep.edu/myimages/icon-open-envelope.png]
[my.utep.edu/myimages/icon-cap-tassel.png]
[my.utep.edu/myimages/icon-certified-document.png]
[my.utep.edu/myimages/icon-desktop-screen.png]
[my.utep.edu/myimages/icon-payment-card.png]
[my.utep.edu/myimages/icon-pencil-ruler.png]
[my.utep.edu/myimages/icon-textbook.png]
[my.utep.edu/myimages/whiteUTEPlogo.png]
[my.utep.edu/myimages/miner-alerts-registration-icon.png]
[my.utep.edu/css/style.min9b01.css]
[cdn.utep.edu/scripts/jquery-3.6.0.min.js]
[www.googletagmanager.com/gtm5445.html]
[my.utep.edu/MainLinks/ImportantDates.html]
[my.utep.edu/MainLinks/UpcomingEvents.html]
[my.utep.edu/news.html]
[my.utep.edu/myimages/myutep-logo.svg]
[my.utep.edu/myImages/arrow.svg]
[my.utep.edu/myImages/arrow-hover.svg]
